{"result": "🚦 Tôi có thể giúp bạn về GTCC Việt Nam:\n\n🚌 Xe buýt | 🚇 Metro | 🎫 Vé & giá cước | 📋 Luật GT | ✈️ Sân bay\n\n📱 Tra cứu nhanh: **BusMap** hoặc **Google Maps**.\n\n⚠️ *AI đang offline hoặc bị lỗi kết nối — đang hiển thị thông tin cơ bản.*", "event_id": 2, "response_ms": 0, "model": "offline-fallback", "topic": "🚦 GTCC Chung", "suggestions": ["Làm sao đi xe buýt từ Mỹ Đình lên Hồ Gươm?", "Tuyến xe buýt BRT 01 chạy đường nào?", "App nào tra cứu xe buýt Hà Nội chuẩn nhất?"]}